main.c:85:5:main	24	static
main.c:159:6:SystemClock_Config	88	static
main.c:204:13:MX_TIM1_Init	56	static
main.c:254:13:MX_TIM2_Init	32	static
main.c:298:13:MX_TIM3_Init	64	static
main.c:361:13:MX_USART2_UART_Init	8	static
main.c:394:13:MX_GPIO_Init	48	static
main.c:427:7:EncoderVelocity_Update	48	static
main.c:458:6:ControlPWM	4	static
main.c:478:6:RunMotor	4	static
main.c:494:6:HAL_TIM_PeriodElapsedCallback	24	static
main.c:499:10:micros	12	static
main.c:508:6:Error_Handler	4	static,ignoring_inline_asm
